// Jest Snapshot v1, https://goo.gl/fbAQLP

exports[`ForgetPasswordContainer when submit is false it should match snapshot 1`] = `
<div
  className="sign-up"
>
  <h1
    className="title"
  >
    Forgot Pasword?
  </h1>
  <div
    className="signup-form"
  >
    <div>
      <p>
        Please key in your email that you signed up below
      </p>
      <form
        className="ant-form ant-form-horizontal"
        onSubmit={[Function]}
      >
        <div
          className="ant-row ant-form-item"
          style={undefined}
        >
          <div
            className="ant-form-item-control-wrapper"
          >
            <div
              className="ant-form-item-control"
            >
              <span
                className="ant-form-item-children"
              >
                <span
                  className="ant-input-affix-wrapper"
                  style={undefined}
                >
                  <span
                    className="ant-input-prefix"
                  >
                    <i
                      className="anticon anticon-mail"
                      style={
                        Object {
                          "fontSize": 13,
                        }
                      }
                    />
                  </span>
                  <input
                    className="ant-input"
                    disabled={false}
                    name="Email"
                    onChange={[Function]}
                    onKeyDown={[Function]}
                    placeholder="Email"
                    style={null}
                    type="text"
                  />
                </span>
              </span>
            </div>
          </div>
        </div>
        <div
          className="ant-row ant-form-item"
          style={undefined}
        >
          <div
            className="ant-form-item-control-wrapper"
          >
            <div
              className="ant-form-item-control"
            >
              <span
                className="ant-form-item-children"
              >
                <button
                  className="ant-btn login-form-button ant-btn-primary"
                  onClick={[Function]}
                  type="submit"
                >
                  <span>
                    Send Reset Password Instructions
                  </span>
                </button>
              </span>
            </div>
          </div>
        </div>
      </form>
    </div>
  </div>
</div>
`;

exports[`ForgetPasswordContainer when submit is true it should match snapshot 1`] = `
<div
  className="sign-up"
>
  <h1
    className="title"
  >
    Forgot Pasword?
  </h1>
  <div
    className="signup-form"
  >
    <div>
      <p>
        We have sent the reset password email to you. Please check your mailbox
      </p>
    </div>
  </div>
</div>
`;
